../Core/Src/main.c:121:5:main	8	static
../Core/Src/main.c:210:6:SystemClock_Config	88	static
../Core/Src/main.c:257:13:MX_ADC1_Init	56	static
../Core/Src/main.c:325:13:MX_FDCAN1_Init	8	static
../Core/Src/main.c:369:13:MX_FDCAN2_Init	8	static
../Core/Src/main.c:414:13:MX_DMA_Init	16	static
../Core/Src/main.c:433:13:MX_GPIO_Init	40	static
../Core/Src/main.c:461:6:HAL_FDCAN_RxFifo0Callback	16	static
../Core/Src/main.c:480:6:HAL_ADC_ConvCpltCallback	24	static,ignoring_inline_asm
../Core/Src/main.c:494:6:xSendCANFunction	16	static
../Core/Src/main.c:514:6:xCheckCommsFuncion	24	static
../Core/Src/main.c:541:6:xReadTempFunction	16	static
../Core/Src/main.c:583:6:Error_Handler	8	static,ignoring_inline_asm
