../Core/Src/main.c:121:5:main	1
../Core/Src/main.c:210:6:SystemClock_Config	3
../Core/Src/main.c:257:13:MX_ADC1_Init	4
../Core/Src/main.c:325:13:MX_FDCAN1_Init	2
../Core/Src/main.c:369:13:MX_FDCAN2_Init	2
../Core/Src/main.c:414:13:MX_DMA_Init	1
../Core/Src/main.c:433:13:MX_GPIO_Init	1
../Core/Src/main.c:461:6:HAL_FDCAN_RxFifo0Callback	4
../Core/Src/main.c:480:6:HAL_ADC_ConvCpltCallback	2
../Core/Src/main.c:494:6:xSendCANFunction	1
../Core/Src/main.c:514:6:xCheckCommsFuncion	3
../Core/Src/main.c:541:6:xReadTempFunction	1
../Core/Src/main.c:583:6:Error_Handler	1
